// Jest Snapshot v1, https://goo.gl/fbAQLP

exports[`TodoInput App component should render correctly 1`] = `ReactWrapper {}`;

exports[`TodoInput TodoInput component should match snapshot 1`] = `ReactWrapper {}`;
