// Jest Snapshot v1, https://goo.gl/fbAQLP

exports[`App App component should render correctly 1`] = `ReactWrapper {}`;

exports[`App App component snapshot should be correct 1`] = `ReactWrapper {}`;

exports[`App component should render correctly 1`] = `ReactWrapper {}`;
